../Drivers/BSP/STM32H5xx_Nucleo/stm32h5xx_nucleo.c:142:9:BSP_GetVersion	4	static
../Drivers/BSP/STM32H5xx_Nucleo/stm32h5xx_nucleo.c:151:16:BSP_GetBoardName	4	static
../Drivers/BSP/STM32H5xx_Nucleo/stm32h5xx_nucleo.c:160:16:BSP_GetBoardID	4	static
../Drivers/BSP/STM32H5xx_Nucleo/stm32h5xx_nucleo.c:175:9:BSP_LED_Init	48	static
../Drivers/BSP/STM32H5xx_Nucleo/stm32h5xx_nucleo.c:244:9:BSP_LED_DeInit	40	static
../Drivers/BSP/STM32H5xx_Nucleo/stm32h5xx_nucleo.c:278:9:BSP_LED_On	24	static
../Drivers/BSP/STM32H5xx_Nucleo/stm32h5xx_nucleo.c:321:9:BSP_LED_Off	24	static
../Drivers/BSP/STM32H5xx_Nucleo/stm32h5xx_nucleo.c:364:9:BSP_LED_Toggle	24	static
../Drivers/BSP/STM32H5xx_Nucleo/stm32h5xx_nucleo.c:393:9:BSP_LED_GetState	24	static
../Drivers/BSP/STM32H5xx_Nucleo/stm32h5xx_nucleo.c:424:9:BSP_PB_Init	40	static
../Drivers/BSP/STM32H5xx_Nucleo/stm32h5xx_nucleo.c:469:9:BSP_PB_DeInit	40	static
../Drivers/BSP/STM32H5xx_Nucleo/stm32h5xx_nucleo.c:487:9:BSP_PB_GetState	16	static
../Drivers/BSP/STM32H5xx_Nucleo/stm32h5xx_nucleo.c:497:6:BSP_PB_IRQHandler	16	static
../Drivers/BSP/STM32H5xx_Nucleo/stm32h5xx_nucleo.c:507:13:BSP_PB_Callback	16	static
../Drivers/BSP/STM32H5xx_Nucleo/stm32h5xx_nucleo.c:525:9:BSP_COM_Init	24	static
../Drivers/BSP/STM32H5xx_Nucleo/stm32h5xx_nucleo.c:563:9:BSP_COM_DeInit	24	static
../Drivers/BSP/STM32H5xx_Nucleo/stm32h5xx_nucleo.c:596:26:MX_USART_Init	16	static
../Drivers/BSP/STM32H5xx_Nucleo/stm32h5xx_nucleo.c:694:9:BSP_COM_SelectLogPort	16	static
../Drivers/BSP/STM32H5xx_Nucleo/stm32h5xx_nucleo.c:721:1:__io_putchar	16	static
../Drivers/BSP/STM32H5xx_Nucleo/stm32h5xx_nucleo.c:740:13:BUTTON_USER_EXTI_Callback	8	static
../Drivers/BSP/STM32H5xx_Nucleo/stm32h5xx_nucleo.c:751:13:COM1_MspInit	48	static
../Drivers/BSP/STM32H5xx_Nucleo/stm32h5xx_nucleo.c:785:13:COM1_MspDeInit	40	static
