Archive member included to satisfy reference by file (symbol)

/Applications/STM32CubeIDE.app/Contents/Eclipse/plugins/com.st.stm32cube.ide.mcu.externaltools.gnu-tools-for-stm32.14.3.rel1.macosaarch64_1.0.0.202602081740/tools/bin/../lib/gcc/arm-none-eabi/14.3.1/../../../../arm-none-eabi/lib/thumb/v8-m.main+fp/hard/libc_nano.a(libc_a-exit.o)
                              /Applications/STM32CubeIDE.app/Contents/Eclipse/plugins/com.st.stm32cube.ide.mcu.externaltools.gnu-tools-for-stm32.14.3.rel1.macosaarch64_1.0.0.202602081740/tools/bin/../lib/gcc/arm-none-eabi/14.3.1/../../../../arm-none-eabi/lib/thumb/v8-m.main+fp/hard/crt0.o (exit)
/Applications/STM32CubeIDE.app/Contents/Eclipse/plugins/com.st.stm32cube.ide.mcu.externaltools.gnu-tools-for-stm32.14.3.rel1.macosaarch64_1.0.0.202602081740/tools/bin/../lib/gcc/arm-none-eabi/14.3.1/../../../../arm-none-eabi/lib/thumb/v8-m.main+fp/hard/libc_nano.a(libc_a-findfp.o)
                              /Applications/STM32CubeIDE.app/Contents/Eclipse/plugins/com.st.stm32cube.ide.mcu.externaltools.gnu-tools-for-stm32.14.3.rel1.macosaarch64_1.0.0.202602081740/tools/bin/../lib/gcc/arm-none-eabi/14.3.1/../../../../arm-none-eabi/lib/thumb/v8-m.main+fp/hard/libc_nano.a(libc_a-exit.o) (__stdio_exit_handler)
/Applications/STM32CubeIDE.app/Contents/Eclipse/plugins/com.st.stm32cube.ide.mcu.externaltools.gnu-tools-for-stm32.14.3.rel1.macosaarch64_1.0.0.202602081740/tools/bin/../lib/gcc/arm-none-eabi/14.3.1/../../../../arm-none-eabi/lib/thumb/v8-m.main+fp/hard/libc_nano.a(libc_a-fwalk.o)
                              /Applications/STM32CubeIDE.app/Contents/Eclipse/plugins/com.st.stm32cube.ide.mcu.externaltools.gnu-tools-for-stm32.14.3.rel1.macosaarch64_1.0.0.202602081740/tools/bin/../lib/gcc/arm-none-eabi/14.3.1/../../../../arm-none-eabi/lib/thumb/v8-m.main+fp/hard/libc_nano.a(libc_a-findfp.o) (_fwalk_sglue)
/Applications/STM32CubeIDE.app/Contents/Eclipse/plugins/com.st.stm32cube.ide.mcu.externaltools.gnu-tools-for-stm32.14.3.rel1.macosaarch64_1.0.0.202602081740/tools/bin/../lib/gcc/arm-none-eabi/14.3.1/../../../../arm-none-eabi/lib/thumb/v8-m.main+fp/hard/libc_nano.a(libc_a-memset.o)
                              /Applications/STM32CubeIDE.app/Contents/Eclipse/plugins/com.st.stm32cube.ide.mcu.externaltools.gnu-tools-for-stm32.14.3.rel1.macosaarch64_1.0.0.202602081740/tools/bin/../lib/gcc/arm-none-eabi/14.3.1/../../../../arm-none-eabi/lib/thumb/v8-m.main+fp/hard/crt0.o (memset)
/Applications/STM32CubeIDE.app/Contents/Eclipse/plugins/com.st.stm32cube.ide.mcu.externaltools.gnu-tools-for-stm32.14.3.rel1.macosaarch64_1.0.0.202602081740/tools/bin/../lib/gcc/arm-none-eabi/14.3.1/../../../../arm-none-eabi/lib/thumb/v8-m.main+fp/hard/libc_nano.a(libc_a-errno.o)
                              ./Core/Src/syscalls.o (__errno)
/Applications/STM32CubeIDE.app/Contents/Eclipse/plugins/com.st.stm32cube.ide.mcu.externaltools.gnu-tools-for-stm32.14.3.rel1.macosaarch64_1.0.0.202602081740/tools/bin/../lib/gcc/arm-none-eabi/14.3.1/../../../../arm-none-eabi/lib/thumb/v8-m.main+fp/hard/libc_nano.a(libc_a-init.o)
                              /Applications/STM32CubeIDE.app/Contents/Eclipse/plugins/com.st.stm32cube.ide.mcu.externaltools.gnu-tools-for-stm32.14.3.rel1.macosaarch64_1.0.0.202602081740/tools/bin/../lib/gcc/arm-none-eabi/14.3.1/../../../../arm-none-eabi/lib/thumb/v8-m.main+fp/hard/crt0.o (__libc_init_array)
/Applications/STM32CubeIDE.app/Contents/Eclipse/plugins/com.st.stm32cube.ide.mcu.externaltools.gnu-tools-for-stm32.14.3.rel1.macosaarch64_1.0.0.202602081740/tools/bin/../lib/gcc/arm-none-eabi/14.3.1/../../../../arm-none-eabi/lib/thumb/v8-m.main+fp/hard/libc_nano.a(libc_a-lock.o)
                              /Applications/STM32CubeIDE.app/Contents/Eclipse/plugins/com.st.stm32cube.ide.mcu.externaltools.gnu-tools-for-stm32.14.3.rel1.macosaarch64_1.0.0.202602081740/tools/bin/../lib/gcc/arm-none-eabi/14.3.1/../../../../arm-none-eabi/lib/thumb/v8-m.main+fp/hard/libc_nano.a(libc_a-findfp.o) (__retarget_lock_init_recursive)
/Applications/STM32CubeIDE.app/Contents/Eclipse/plugins/com.st.stm32cube.ide.mcu.externaltools.gnu-tools-for-stm32.14.3.rel1.macosaarch64_1.0.0.202602081740/tools/bin/../lib/gcc/arm-none-eabi/14.3.1/../../../../arm-none-eabi/lib/thumb/v8-m.main+fp/hard/libc_nano.a(libc_a-impure.o)
                              /Applications/STM32CubeIDE.app/Contents/Eclipse/plugins/com.st.stm32cube.ide.mcu.externaltools.gnu-tools-for-stm32.14.3.rel1.macosaarch64_1.0.0.202602081740/tools/bin/../lib/gcc/arm-none-eabi/14.3.1/../../../../arm-none-eabi/lib/thumb/v8-m.main+fp/hard/libc_nano.a(libc_a-errno.o) (_impure_ptr)
/Applications/STM32CubeIDE.app/Contents/Eclipse/plugins/com.st.stm32cube.ide.mcu.externaltools.gnu-tools-for-stm32.14.3.rel1.macosaarch64_1.0.0.202602081740/tools/bin/../lib/gcc/arm-none-eabi/14.3.1/../../../../arm-none-eabi/lib/thumb/v8-m.main+fp/hard/libc_nano.a(libc_a-mallocr.o)
[...]
Memory Configuration

Name             Origin             Length             Attributes
RAM              0x20000000         0x00008000         xrw
FLASH            0x08000000         0x00020000         xr
*default*        0x00000000         0xffffffff

Linker script and memory map

LOAD /Applications/STM32CubeIDE.app/Contents/Eclipse/plugins/com.st.stm32cube.ide.mcu.externaltools.gnu-tools-for-stm32.14.3.rel1.macosaarch64_1.0.0.202602081740/tools/bin/../lib/gcc/arm-none-eabi/14.3.1/thumb/v8-m.main+fp/hard/crti.o
LOAD /Applications/STM32CubeIDE.app/Contents/Eclipse/plugins/com.st.stm32cube.ide.mcu.externaltools.gnu-tools-for-stm32.14.3.rel1.macosaarch64_1.0.0.202602081740/tools/bin/../lib/gcc/arm-none-eabi/14.3.1/thumb/v8-m.main+fp/hard/crtbegin.o
LOAD /Applications/STM32CubeIDE.app/Contents/Eclipse/plugins/com.st.stm32cube.ide.mcu.externaltools.gnu-tools-for-stm32.14.3.rel1.macosaarch64_1.0.0.202602081740/tools/bin/../lib/gcc/arm-none-eabi/14.3.1/../../../../arm-none-eabi/lib/thumb/v8-m.main+fp/hard/crt0.o
LOAD ./Core/Src/main.o
LOAD ./Core/Src/stm32h5xx_hal_msp.o
LOAD ./Core/Src/stm32h5xx_it.o
LOAD ./Core/Src/syscalls.o
LOAD ./Core/Src/sysmem.o
LOAD ./Core/Src/system_stm32h5xx.o
LOAD ./Core/Startup/startup_stm32h503rbtx.o
LOAD ./Drivers/BSP/STM32H5xx_Nucleo/stm32h5xx_nucleo.o
LOAD ./Drivers/STM32H5xx_HAL_Driver/Src/stm32h5xx_hal.o
LOAD ./Drivers/STM32H5xx_HAL_Driver/Src/stm32h5xx_hal_cortex.o
LOAD ./Drivers/STM32H5xx_HAL_Driver/Src/stm32h5xx_hal_dma.o
LOAD ./Drivers/STM32H5xx_HAL_Driver/Src/stm32h5xx_hal_dma_ex.o
LOAD ./Drivers/STM32H5xx_HAL_Driver/Src/stm32h5xx_hal_exti.o
LOAD ./Drivers/STM32H5xx_HAL_Driver/Src/stm32h5xx_hal_flash.o
LOAD ./Drivers/STM32H5xx_HAL_Driver/Src/stm32h5xx_hal_flash_ex.o
LOAD ./Drivers/STM32H5xx_HAL_Driver/Src/stm32h5xx_hal_gpio.o
LOAD ./Drivers/STM32H5xx_HAL_Driver/Src/stm32h5xx_hal_icache.o
LOAD ./Drivers/STM32H5xx_HAL_Driver/Src/stm32h5xx_hal_pwr.o
LOAD ./Drivers/STM32H5xx_HAL_Driver/Src/stm32h5xx_hal_pwr_ex.o
LOAD ./Drivers/STM32H5xx_HAL_Driver/Src/stm32h5xx_hal_rcc.o
LOAD ./Drivers/STM32H5xx_HAL_Driver/Src/stm32h5xx_hal_rcc_ex.o
LOAD ./Drivers/STM32H5xx_HAL_Driver/Src/stm32h5xx_hal_uart.o
LOAD ./Drivers/STM32H5xx_HAL_Driver/Src/stm32h5xx_hal_uart_ex.o
LOAD ./Drivers/STM32H5xx_HAL_Driver/Src/stm32h5xx_hal_usart.o
LOAD ./Drivers/STM32H5xx_HAL_Driver/Src/stm32h5xx_hal_usart_ex.o
START GROUP
LOAD /Applications/STM32CubeIDE.app/Contents/Eclipse/plugins/com.st.stm32cube.ide.mcu.externaltools.gnu-tools-for-stm32.14.3.rel1.macosaarch64_1.0.0.202602081740/tools/bin/../lib/gcc/arm-none-eabi/14.3.1/../../../../arm-none-eabi/lib/thumb/v8-m.main+fp/hard/libstdc++_nano.a
LOAD /Applications/STM32CubeIDE.app/Contents/Eclipse/plugins/com.st.stm32cube.ide.mcu.externaltools.gnu-tools-for-stm32.14.3.rel1.macosaarch64_1.0.0.202602081740/tools/bin/../lib/gcc/arm-none-eabi/14.3.1/../../../../arm-none-eabi/lib/thumb/v8-m.main+fp/hard/libsupc++_nano.a
END GROUP
LOAD /Applications/STM32CubeIDE.app/Contents/Eclipse/plugins/com.st.stm32cube.ide.mcu.externaltools.gnu-tools-for-stm32.14.3.rel1.macosaarch64_1.0.0.202602081740/tools/bin/../lib/gcc/arm-none-eabi/14.3.1/../../../../arm-none-eabi/lib/thumb/v8-m.main+fp/hard/libstdc++_nano.a
LOAD /Applications/STM32CubeIDE.app/Contents/Eclipse/plugins/com.st.stm32cube.ide.mcu.externaltools.gnu-tools-for-stm32.14.3.rel1.macosaarch64_1.0.0.202602081740/tools/bin/../lib/gcc/arm-none-eabi/14.3.1/../../../../arm-none-eabi/lib/thumb/v8-m.main+fp/hard/libm.a
LOAD /Applications/STM32CubeIDE.app/Contents/Eclipse/plugins/com.st.stm32cube.ide.mcu.externaltools.gnu-tools-for-stm32.14.3.rel1.macosaarch64_1.0.0.202602081740/tools/bin/../lib/gcc/arm-none-eabi/14.3.1/../../../../arm-none-eabi/lib/thumb/v8-m.main+fp/hard/libc_nano.a
START GROUP
LOAD /Applications/STM32CubeIDE.app/Contents/Eclipse/plugins/com.st.stm32cube.ide.mcu.externaltools.gnu-tools-for-stm32.14.3.rel1.macosaarch64_1.0.0.202602081740/tools/bin/../lib/gcc/arm-none-eabi/14.3.1/thumb/v8-m.main+fp/hard/libgcc.a
LOAD /Applications/STM32CubeIDE.app/Contents/Eclipse/plugins/com.st.stm32cube.ide.mcu.externaltools.gnu-tools-for-stm32.14.3.rel1.macosaarch64_1.0.0.202602081740/tools/bin/../lib/gcc/arm-none-eabi/14.3.1/../../../../arm-none-eabi/lib/thumb/v8-m.main+fp/hard/libc_nano.a
END GROUP
START GROUP
LOAD /Applications/STM32CubeIDE.app/Contents/Eclipse/plugins/com.st.stm32cube.ide.mcu.externaltools.gnu-tools-for-stm32.14.3.rel1.macosaarch64_1.0.0.202602081740/tools/bin/../lib/gcc/arm-none-eabi/14.3.1/thumb/v8-m.main+fp/hard/libgcc.a
LOAD /Applications/STM32CubeIDE.app/Contents/Eclipse/plugins/com.st.stm32cube.ide.mcu.externaltools.gnu-tools-for-stm32.14.3.rel1.macosaarch64_1.0.0.202602081740/tools/bin/../lib/gcc/arm-none-eabi/14.3.1/../../../../arm-none-eabi/lib/thumb/v8-m.main+fp/hard/libc_nano.a
END GROUP
LOAD /Applications/STM32CubeIDE.app/Contents/Eclipse/plugins/com.st.stm32cube.ide.mcu.externaltools.gnu-tools-for-stm32.14.3.rel1.macosaarch64_1.0.0.202602081740/tools/bin/../lib/gcc/arm-none-eabi/14.3.1/thumb/v8-m.main+fp/hard/crtend.o
LOAD /Applications/STM32CubeIDE.app/Contents/Eclipse/plugins/com.st.stm32cube.ide.mcu.externaltools.gnu-tools-for-stm32.14.3.rel1.macosaarch64_1.0.0.202602081740/tools/bin/../lib/gcc/arm-none-eabi/14.3.1/thumb/v8-m.main+fp/hard/crtn.o
                0x20008000                        _estack = (ORIGIN (RAM) + LENGTH (RAM))
                0x20007c00                        _sstack = (_estack - _Min_Stack_Size)
                0x00000200                        _Min_Heap_Size = 0x200
                0x00000400                        _Min_Stack_Size = 0x400

.isr_vector     0x08000000      0x258
                0x08000000                        . = ALIGN (0x4)
 *(.isr_vector)
 .isr_vector    0x08000000      0x258 ./Core/Startup/startup_stm32h503rbtx.o
                0x08000000                g_pfnVectors
                0x08000258                        . = ALIGN (0x4)

.text           0x08000258     0x4218
                0x08000258                        . = ALIGN (0x4)
 *(.text)
 .text          0x08000258       0x40 /Applications/STM32CubeIDE.app/Contents/Eclipse/plugins/com.st.stm32cube.ide.mcu.externaltools.gnu-tools-for-stm32.14.3.rel1.macosaarch64_1.0.0.202602081740/tools/bin/../lib/gcc/arm-none-eabi/14.3.1/thumb/v8-m.main+fp/hard/crtbegin.o
 .text          0x08000298       0x30 /Applications/STM32CubeIDE.app/Contents/Eclipse/plugins/com.st.stm32cube.ide.mcu.externaltools.gnu-tools-for-stm32.14.3.rel1.macosaarch64_1.0.0.202602081740/tools/bin/../lib/gcc/arm-none-eabi/14.3.1/thumb/v8-m.main+fp/hard/libgcc.a(_aeabi_uldivmod.o)
                0x08000298                __aeabi_uldivmod
 .text          0x080002c8      0x34c /Applications/STM32CubeIDE.app/Contents/Eclipse/plugins/com.st.stm32cube.ide.mcu.externaltools.gnu-tools-for-stm32.14.3.rel1.macosaarch64_1.0.0.202602081740/tools/bin/../lib/gcc/arm-none-eabi/14.3.1/thumb/v8-m.main+fp/hard/libgcc.a(_udivmoddi4.o)
                0x080002c8                __udivmoddi4
 .text          0x08000614        0x4 /Applications/STM32CubeIDE.app/Contents/Eclipse/plugins/com.st.stm32cube.ide.mcu.externaltools.gnu-tools-for-stm32.14.3.rel1.macosaarch64_1.0.0.202602081740/tools/bin/../lib/gcc/arm-none-eabi/14.3.1/thumb/v8-m.main+fp/hard/libgcc.a(_dvmd_tls.o)
                0x08000614                __aeabi_ldiv0
                0x08000614                __aeabi_idiv0
 *(.text*)
 .text.main     0x08000618       0x6c ./Core/Src/main.o
                0x08000618                main
 .text._Z18SystemClock_Configv
                0x08000684      0x100 ./Core/Src/main.o
                0x08000684                SystemClock_Config()
 .text._ZL14MX_ICACHE_Initv
                0x08000784       0x3a ./Core/Src/main.o
 *fill*         0x080007be        0x2 
 .text._ZL12MX_GPIO_Initv
                0x080007c0      0x110 ./Core/Src/main.o
 .text._ZL10MPU_Configv
                0x080008d0       0x6c ./Core/Src/main.o
 .text.Error_Handler
                0x0800093c        0xc ./Core/Src/main.o
                0x0800093c                Error_Handler
 .text.HAL_MspInit
                0x08000948        0xe ./Core/Src/stm32h5xx_hal_msp.o
                0x08000948                HAL_MspInit
 .text.NMI_Handler
                0x08000956        0x8 ./Core/Src/stm32h5xx_it.o
                0x08000956                NMI_Handler
 .text.HardFault_Handler
                0x0800095e        0x8 ./Core/Src/stm32h5xx_it.o
                0x0800095e                HardFault_Handler
 .text.MemManage_Handler
                0x08000966        0x8 ./Core/Src/stm32h5xx_it.o
                0x08000966                MemManage_Handler
 .text.BusFault_Handler
                0x0800096e        0x8 ./Core/Src/stm32h5xx_it.o
                0x0800096e                BusFault_Handler
 .text.UsageFault_Handler
                0x08000976        0x8 ./Core/Src/stm32h5xx_it.o
                0x08000976                UsageFault_Handler
 .text.SVC_Handler
                0x0800097e        0xe ./Core/Src/stm32h5xx_it.o
                0x0800097e                SVC_Handler
 .text.DebugMon_Handler
                0x0800098c        0xe ./Core/Src/stm32h5xx_it.o
                0x0800098c                DebugMon_Handler
 .text.PendSV_Handler
                0x0800099a        0xe ./Core/Src/stm32h5xx_it.o
                0x0800099a                PendSV_Handler
 .text.SysTick_Handler
                0x080009a8        0xc ./Core/Src/stm32h5xx_it.o
                0x080009a8                SysTick_Handler
 .text.EXTI13_IRQHandler
                0x080009b4        0xe ./Core/Src/stm32h5xx_it.o
                0x080009b4                EXTI13_IRQHandler
 *fill*         0x080009c2        0x2 
 .text.SystemInit
                0x080009c4       0xf0 ./Core/Src/system_stm32h5xx.o
                0x080009c4                SystemInit
 .text.Reset_Handler
                0x08000ab4       0x5c ./Core/Startup/startup_stm32h503rbtx.o
                0x08000ab4                Reset_Handler
 .text.Default_Handler
                0x08000b10        0x2 ./Core/Startup/startup_stm32h503rbtx.o
                0x08000b10                HASH_IRQHandler
                0x08000b10                EXTI5_IRQHandler
                0x08000b10                I3C1_ER_IRQHandler
                0x08000b10                GPDMA2_Channel1_IRQHandler
                0x08000b10                TIM1_CC_IRQHandler
                0x08000b10                GPDMA2_Channel3_IRQHandler
                0x08000b10                TAMP_IRQHandler
                0x08000b10                TIM6_IRQHandler
                0x08000b10                EXTI12_IRQHandler
                0x08000b10                USB_DRD_FS_IRQHandler
                0x08000b10                EXTI3_IRQHandler
                0x08000b10                GPDMA1_Channel5_IRQHandler
                0x08000b10                EXTI8_IRQHandler
                0x08000b10                GPDMA2_Channel5_IRQHandler
                0x08000b10                LPTIM2_IRQHandler
                0x08000b10                GPDMA2_Channel2_IRQHandler
                0x08000b10                EXTI0_IRQHandler
                0x08000b10                I2C2_EV_IRQHandler
                0x08000b10                FPU_IRQHandler
                0x08000b10                GPDMA1_Channel3_IRQHandler
                0x08000b10                GPDMA1_Channel7_IRQHandler
                0x08000b10                FDCAN1_IT1_IRQHandler
                0x08000b10                RAMCFG_IRQHandler
                0x08000b10                SPI1_IRQHandler
                0x08000b10                GPDMA1_Channel2_IRQHandler
                0x08000b10                ADC1_IRQHandler
                0x08000b10                I3C2_ER_IRQHandler
                0x08000b10                EXTI15_IRQHandler
                0x08000b10                USART3_IRQHandler
                0x08000b10                RTC_IRQHandler
                0x08000b10                EXTI9_IRQHandler
                0x08000b10                I3C2_EV_IRQHandler
                0x08000b10                I2C1_EV_IRQHandler
                0x08000b10                GPDMA1_Channel1_IRQHandler
                0x08000b10                TIM3_IRQHandler
                0x08000b10                RCC_IRQHandler
                0x08000b10                TIM1_TRG_COM_IRQHandler
                0x08000b10                Default_Handler
                0x08000b10                GPDMA2_Channel4_IRQHandler
                0x08000b10                TIM7_IRQHandler
                0x08000b10                GPDMA1_Channel0_IRQHandler
                0x08000b10                I3C1_EV_IRQHandler
                0x08000b10                PVD_AVD_IRQHandler
                0x08000b10                SPI2_IRQHandler
                0x08000b10                EXTI14_IRQHandler
                0x08000b10                EXTI11_IRQHandler
                0x08000b10                CRS_IRQHandler
                0x08000b10                EXTI4_IRQHandler
                0x08000b10                GPDMA2_Channel0_IRQHandler
                0x08000b10                RNG_IRQHandler
                0x08000b10                GPDMA2_Channel6_IRQHandler
                0x08000b10                TIM1_UP_IRQHandler
                0x08000b10                WWDG_IRQHandler
                0x08000b10                IWDG_IRQHandler
                0x08000b10                LPUART1_IRQHandler
                0x08000b10                FDCAN1_IT0_IRQHandler
                0x08000b10                TIM2_IRQHandler
                0x08000b10                GPDMA1_Channel4_IRQHandler
                0x08000b10                EXTI7_IRQHandler
                0x08000b10                TIM1_BRK_IRQHandler
                0x08000b10                EXTI1_IRQHandler
                0x08000b10                DAC1_IRQHandler
                0x08000b10                DTS_IRQHandler
                0x08000b10                GTZC_IRQHandler
                0x08000b10                USART2_IRQHandler
                0x08000b10                GPDMA1_Channel6_IRQHandler
                0x08000b10                GPDMA2_Channel7_IRQHandler
                0x08000b10                I2C2_ER_IRQHandler
                0x08000b10                FLASH_IRQHandler
                0x08000b10                USART1_IRQHandler
                0x08000b10                EXTI10_IRQHandler
                0x08000b10                SPI3_IRQHandler
                0x08000b10                I2C1_ER_IRQHandler
                0x08000b10                EXTI6_IRQHandler
                0x08000b10                COMP1_IRQHandler
                0x08000b10                LPTIM1_IRQHandler
                0x08000b10                ICACHE_IRQHandler
                0x08000b10                EXTI2_IRQHandler
 *fill*         0x08000b12        0x2 
 .text.BSP_LED_Init
                0x08000b14       0x88 ./Drivers/BSP/STM32H5xx_Nucleo/stm32h5xx_nucleo.o
                0x08000b14                BSP_LED_Init
 .text.BSP_PB_Init
                0x08000b9c       0xf0 ./Drivers/BSP/STM32H5xx_Nucleo/stm32h5xx_nucleo.o
                0x08000b9c                BSP_PB_Init
 .text.BSP_PB_IRQHandler
                0x08000c8c       0x2c ./Drivers/BSP/STM32H5xx_Nucleo/stm32h5xx_nucleo.o
                0x08000c8c                BSP_PB_IRQHandler
 .text.BSP_PB_Callback
                0x08000cb8       0x16 ./Drivers/BSP/STM32H5xx_Nucleo/stm32h5xx_nucleo.o
                0x08000cb8                BSP_PB_Callback
 *fill*         0x08000cce        0x2 
 .text.BSP_COM_Init
                0x08000cd0       0x60 ./Drivers/BSP/STM32H5xx_Nucleo/stm32h5xx_nucleo.o
                0x08000cd0                BSP_COM_Init
 .text.MX_USART_Init
                0x08000d30       0x68 ./Drivers/BSP/STM32H5xx_Nucleo/stm32h5xx_nucleo.o
                0x08000d30                MX_USART_Init
 .text.BUTTON_USER_EXTI_Callback
                0x08000d98        0xe ./Drivers/BSP/STM32H5xx_Nucleo/stm32h5xx_nucleo.o
 *fill*         0x08000da6        0x2 
 .text.COM1_MspInit
                0x08000da8       0xac ./Drivers/BSP/STM32H5xx_Nucleo/stm32h5xx_nucleo.o
 .text.HAL_Init
                0x08000e54       0x50 ./Drivers/STM32H5xx_HAL_Driver/Src/stm32h5xx_hal.o
                0x08000e54                HAL_Init
 .text.HAL_InitTick
                0x08000ea4       0xec ./Drivers/STM32H5xx_HAL_Driver/Src/stm32h5xx_hal.o
                0x08000ea4                HAL_InitTick
 .text.HAL_IncTick
                0x08000f90       0x28 ./Drivers/STM32H5xx_HAL_Driver/Src/stm32h5xx_hal.o
                0x08000f90                HAL_IncTick
 .text.HAL_GetTick
                0x08000fb8       0x18 ./Drivers/STM32H5xx_HAL_Driver/Src/stm32h5xx_hal.o
                0x08000fb8                HAL_GetTick
 .text.__NVIC_SetPriorityGrouping
                0x08000fd0       0x48 ./Drivers/STM32H5xx_HAL_Driver/Src/stm32h5xx_hal_cortex.o
 .text.__NVIC_GetPriorityGrouping
                0x08001018       0x1c ./Drivers/STM32H5xx_HAL_Driver/Src/stm32h5xx_hal_cortex.o
 .text.__NVIC_EnableIRQ
                0x08001034       0x3c ./Drivers/STM32H5xx_HAL_Driver/Src/stm32h5xx_hal_cortex.o
 .text.__NVIC_SetPriority
                0x08001070       0x54 ./Drivers/STM32H5xx_HAL_Driver/Src/stm32h5xx_hal_cortex.o
 .text.NVIC_EncodePriority
                0x080010c4       0x66 ./Drivers/STM32H5xx_HAL_Driver/Src/stm32h5xx_hal_cortex.o
 .text.HAL_NVIC_SetPriorityGrouping
                0x0800112a       0x16 ./Drivers/STM32H5xx_HAL_Driver/Src/stm32h5xx_hal_cortex.o
                0x0800112a                HAL_NVIC_SetPriorityGrouping
 .text.HAL_NVIC_SetPriority
                0x08001140       0x34 ./Drivers/STM32H5xx_HAL_Driver/Src/stm32h5xx_hal_cortex.o
                0x08001140                HAL_NVIC_SetPriority
 .text.HAL_NVIC_EnableIRQ
                0x08001174       0x1c ./Drivers/STM32H5xx_HAL_Driver/Src/stm32h5xx_hal_cortex.o
                0x08001174                HAL_NVIC_EnableIRQ
 .text.HAL_SYSTICK_Config
                0x08001190       0x44 ./Drivers/STM32H5xx_HAL_Driver/Src/stm32h5xx_hal_cortex.o
                0x08001190                HAL_SYSTICK_Config
 .text.HAL_SYSTICK_CLKSourceConfig
                0x080011d4       0xb0 ./Drivers/STM32H5xx_HAL_Driver/Src/stm32h5xx_hal_cortex.o
                0x080011d4                HAL_SYSTICK_CLKSourceConfig
 .text.HAL_SYSTICK_GetCLKSourceConfig
                0x08001284       0x6c ./Drivers/STM32H5xx_HAL_Driver/Src/stm32h5xx_hal_cortex.o
                0x08001284                HAL_SYSTICK_GetCLKSourceConfig
 .text.HAL_MPU_Enable
                0x080012f0       0x44 ./Drivers/STM32H5xx_HAL_Driver/Src/stm32h5xx_hal_cortex.o
                0x080012f0                HAL_MPU_Enable
 .text.HAL_MPU_Disable
                0x08001334       0x40 ./Drivers/STM32H5xx_HAL_Driver/Src/stm32h5xx_hal_cortex.o
                0x08001334                HAL_MPU_Disable
 .text.HAL_MPU_ConfigRegion
                0x08001374       0x1c ./Drivers/STM32H5xx_HAL_Driver/Src/stm32h5xx_hal_cortex.o
                0x08001374                HAL_MPU_ConfigRegion
 .text.HAL_MPU_ConfigMemoryAttributes
                0x08001390       0x1c ./Drivers/STM32H5xx_HAL_Driver/Src/stm32h5xx_hal_cortex.o
                0x08001390                HAL_MPU_ConfigMemoryAttributes
 .text.MPU_ConfigRegion
                0x080013ac       0x6e ./Drivers/STM32H5xx_HAL_Driver/Src/stm32h5xx_hal_cortex.o
 .text.MPU_ConfigMemoryAttributes
                0x0800141a       0x6c ./Drivers/STM32H5xx_HAL_Driver/Src/stm32h5xx_hal_cortex.o
 .text.HAL_EXTI_RegisterCallback
                0x08001486       0x58 ./Drivers/STM32H5xx_HAL_Driver/Src/stm32h5xx_hal_exti.o
                0x08001486                HAL_EXTI_RegisterCallback
 .text.HAL_EXTI_GetHandle
                0x080014de       0x28 ./Drivers/STM32H5xx_HAL_Driver/Src/stm32h5xx_hal_exti.o
                0x080014de                HAL_EXTI_GetHandle
 *fill*         0x08001506        0x2 
 .text.HAL_EXTI_IRQHandler
                0x08001508       0x90 ./Drivers/STM32H5xx_HAL_Driver/Src/stm32h5xx_hal_exti.o
                0x08001508                HAL_EXTI_IRQHandler
 .text.HAL_GPIO_Init
                0x08001598      0x2bc ./Drivers/STM32H5xx_HAL_Driver/Src/stm32h5xx_hal_gpio.o
                0x08001598                HAL_GPIO_Init
 .text.HAL_GPIO_WritePin
                0x08001854       0x30 ./Drivers/STM32H5xx_HAL_Driver/Src/stm32h5xx_hal_gpio.o
                0x08001854                HAL_GPIO_WritePin
 .text.HAL_ICACHE_ConfigAssociativityMode
                0x08001884       0x40 ./Drivers/STM32H5xx_HAL_Driver/Src/stm32h5xx_hal_icache.o
                0x08001884                HAL_ICACHE_ConfigAssociativityMode
 .text.HAL_ICACHE_Enable
                0x080018c4       0x20 ./Drivers/STM32H5xx_HAL_Driver/Src/stm32h5xx_hal_icache.o
                0x080018c4                HAL_ICACHE_Enable
 .text.HAL_RCC_OscConfig
                0x080018e4      0x870 ./Drivers/STM32H5xx_HAL_Driver/Src/stm32h5xx_hal_rcc.o
                0x080018e4                HAL_RCC_OscConfig
 .text.HAL_RCC_ClockConfig
                0x08002154      0x370 ./Drivers/STM32H5xx_HAL_Driver/Src/stm32h5xx_hal_rcc.o
                0x08002154                HAL_RCC_ClockConfig
 .text.HAL_RCC_GetSysClockFreq
                0x080024c4      0x258 ./Drivers/STM32H5xx_HAL_Driver/Src/stm32h5xx_hal_rcc.o
                0x080024c4                HAL_RCC_GetSysClockFreq
 .text.HAL_RCC_GetHCLKFreq
                0x0800271c       0x38 ./Drivers/STM32H5xx_HAL_Driver/Src/stm32h5xx_hal_rcc.o
                0x0800271c                HAL_RCC_GetHCLKFreq
 .text.HAL_RCC_GetPCLK1Freq
                0x08002754       0x2c ./Drivers/STM32H5xx_HAL_Driver/Src/stm32h5xx_hal_rcc.o
                0x08002754                HAL_RCC_GetPCLK1Freq
 .text.HAL_RCC_GetPCLK2Freq
                0x08002780       0x2c ./Drivers/STM32H5xx_HAL_Driver/Src/stm32h5xx_hal_rcc.o
                0x08002780                HAL_RCC_GetPCLK2Freq
 .text.HAL_RCC_GetPCLK3Freq
                0x080027ac       0x2c ./Drivers/STM32H5xx_HAL_Driver/Src/stm32h5xx_hal_rcc.o
                0x080027ac                HAL_RCC_GetPCLK3Freq
 .text.HAL_RCCEx_GetPLL1ClockFreq
                0x080027d8      0x2d8 ./Drivers/STM32H5xx_HAL_Driver/Src/stm32h5xx_hal_rcc_ex.o
                0x080027d8                HAL_RCCEx_GetPLL1ClockFreq
 .text.HAL_RCCEx_GetPLL2ClockFreq
                0x08002ab0      0x2d8 ./Drivers/STM32H5xx_HAL_Driver/Src/stm32h5xx_hal_rcc_ex.o
                0x08002ab0                HAL_RCCEx_GetPLL2ClockFreq
 .text.HAL_RCCEx_GetPeriphCLKFreq
                0x08002d88      0xe88 ./Drivers/STM32H5xx_HAL_Driver/Src/stm32h5xx_hal_rcc_ex.o
                0x08002d88                HAL_RCCEx_GetPeriphCLKFreq
 .text.HAL_UART_Init
                0x08003c10       0xa0 ./Drivers/STM32H5xx_HAL_Driver/Src/stm32h5xx_hal_uart.o
                0x08003c10                HAL_UART_Init
 .text.HAL_UART_MspInit
                0x08003cb0       0x14 ./Drivers/STM32H5xx_HAL_Driver/Src/stm32h5xx_hal_uart.o
                0x08003cb0                HAL_UART_MspInit
 .text.UART_SetConfig
                0x08003cc4      0x2fc ./Drivers/STM32H5xx_HAL_Driver/Src/stm32h5xx_hal_uart.o
                0x08003cc4                UART_SetConfig
 .text.UART_AdvFeatureConfig
                0x08003fc0      0x144 ./Drivers/STM32H5xx_HAL_Driver/Src/stm32h5xx_hal_uart.o
                0x08003fc0                UART_AdvFeatureConfig
 .text.UART_CheckIdleState
                0x08004104      0x154 ./Drivers/STM32H5xx_HAL_Driver/Src/stm32h5xx_hal_uart.o
                0x08004104                UART_CheckIdleState
 .text.UART_WaitOnFlagUntilTimeout
                0x08004258       0xda ./Drivers/STM32H5xx_HAL_Driver/Src/stm32h5xx_hal_uart.o
                0x08004258                UART_WaitOnFlagUntilTimeout
 .text.UART_EndRxTransfer
                0x08004332       0xcc ./Drivers/STM32H5xx_HAL_Driver/Src/stm32h5xx_hal_uart.o
 .text.memset   0x080043fe       0x10 /Applications/STM32CubeIDE.app/Contents/Eclipse/plugins/com.st.stm32cube.ide.mcu.externaltools.gnu-tools-for-stm32.14.3.rel1.macosaarch64_1.0.0.202602081740/tools/bin/../lib/gcc/arm-none-eabi/14.3.1/../../../../arm-none-eabi/lib/thumb/v8-m.main+fp/hard/libc_nano.a(libc_a-memset.o)
                0x080043fe                memset
 *fill*         0x0800440e        0x2 
 .text.__libc_init_array
                0x08004410       0x48 /Applications/STM32CubeIDE.app/Contents/Eclipse/plugins/com.st.stm32cube.ide.mcu.externaltools.gnu-tools-for-stm32.14.3.rel1.macosaarch64_1.0.0.202602081740/tools/bin/../lib/gcc/arm-none-eabi/14.3.1/../../../../arm-none-eabi/lib/thumb/v8-m.main+fp/hard/libc_nano.a(libc_a-init.o)
                0x08004410                __libc_init_array
 *(.glue_7)
 .glue_7        0x08004458        0x0 linker stubs
 *(.glue_7t)
 .glue_7t       0x08004458        0x0 linker stubs
 *(.eh_frame)
 .eh_frame      0x08004458        0x0 /Applications/STM32CubeIDE.app/Contents/Eclipse/plugins/com.st.stm32cube.ide.mcu.externaltools.gnu-tools-for-stm32.14.3.rel1.macosaarch64_1.0.0.202602081740/tools/bin/../lib/gcc/arm-none-eabi/14.3.1/thumb/v8-m.main+fp/hard/crtbegin.o
 *(.init)
 .init          0x08004458        0x4 /Applications/STM32CubeIDE.app/Contents/Eclipse/plugins/com.st.stm32cube.ide.mcu.externaltools.gnu-tools-for-stm32.14.3.rel1.macosaarch64_1.0.0.202602081740/tools/bin/../lib/gcc/arm-none-eabi/14.3.1/thumb/v8-m.main+fp/hard/crti.o
                0x08004458                _init
 .init          0x0800445c        0x8 /Applications/STM32CubeIDE.app/Contents/Eclipse/plugins/com.st.stm32cube.ide.mcu.externaltools.gnu-tools-for-stm32.14.3.rel1.macosaarch64_1.0.0.202602081740/tools/bin/../lib/gcc/arm-none-eabi/14.3.1/thumb/v8-m.main+fp/hard/crtn.o
 *(.fini)
 .fini          0x08004464        0x4 /Applications/STM32CubeIDE.app/Contents/Eclipse/plugins/com.st.stm32cube.ide.mcu.externaltools.gnu-tools-for-stm32.14.3.rel1.macosaarch64_1.0.0.202602081740/tools/bin/../lib/gcc/arm-none-eabi/14.3.1/thumb/v8-m.main+fp/hard/crti.o
                0x08004464                _fini
 .fini          0x08004468        0x8 /Applications/STM32CubeIDE.app/Contents/Eclipse/plugins/com.st.stm32cube.ide.mcu.externaltools.gnu-tools-for-stm32.14.3.rel1.macosaarch64_1.0.0.202602081740/tools/bin/../lib/gcc/arm-none-eabi/14.3.1/thumb/v8-m.main+fp/hard/crtn.o
                0x08004470                        . = ALIGN (0x4)
                0x08004470                        _etext = .

.vfp11_veneer   0x08004470        0x0
 .vfp11_veneer  0x08004470        0x0 linker stubs

.v4_bx          0x08004470        0x0
 .v4_bx         0x08004470        0x0 linker stubs

.iplt           0x08004470        0x0
 .iplt          0x08004470        0x0 /Applications/STM32CubeIDE.app/Contents/Eclipse/plugins/com.st.stm32cube.ide.mcu.externaltools.gnu-tools-for-stm32.14.3.rel1.macosaarch64_1.0.0.202602081740/tools/bin/../lib/gcc/arm-none-eabi/14.3.1/thumb/v8-m.main+fp/hard/crtbegin.o

.rodata         0x08004470       0x34
                0x08004470                        . = ALIGN (0x4)
 *(.rodata)
 *(.rodata*)
 .rodata.AHBPrescTable
                0x08004470       0x10 ./Core/Src/system_stm32h5xx.o
                0x08004470                AHBPrescTable
 .rodata.APBPrescTable
                0x08004480        0x8 ./Core/Src/system_stm32h5xx.o
                0x08004480                APBPrescTable
 .rodata.BUTTON_EXTI_LINE.2
                0x08004488        0x4 ./Drivers/BSP/STM32H5xx_Nucleo/stm32h5xx_nucleo.o
 .rodata.UARTPrescTable
                0x0800448c       0x18 ./Drivers/STM32H5xx_HAL_Driver/Src/stm32h5xx_hal_uart.o
                0x0800448c                UARTPrescTable
                0x080044a4                        . = ALIGN (0x4)

.ARM.extab      0x080044a4        0x0
                0x080044a4                        . = ALIGN (0x4)
 *(.ARM.extab* .gnu.linkonce.armextab.*)
                0x080044a4                        . = ALIGN (0x4)

.ARM            0x080044a4        0x8
                0x080044a4                        . = ALIGN (0x4)
                0x080044a4                        __exidx_start = .
 *(.ARM.exidx*)
 .ARM.exidx     0x080044a4        0x8 /Applications/STM32CubeIDE.app/Contents/Eclipse/plugins/com.st.stm32cube.ide.mcu.externaltools.gnu-tools-for-stm32.14.3.rel1.macosaarch64_1.0.0.202602081740/tools/bin/../lib/gcc/arm-none-eabi/14.3.1/thumb/v8-m.main+fp/hard/libgcc.a(_udivmoddi4.o)
                0x080044ac                        __exidx_end = .
                0x080044ac                        . = ALIGN (0x4)

.preinit_array  0x080044ac        0x0
                0x080044ac                        . = ALIGN (0x4)
                0x080044ac                        PROVIDE (__preinit_array_start = .)
 *(.preinit_array*)
                0x080044ac                        PROVIDE (__preinit_array_end = .)
                0x080044ac                        . = ALIGN (0x4)

.init_array     0x080044ac        0x4
                0x080044ac                        . = ALIGN (0x4)
                0x080044ac                        PROVIDE (__init_array_start = .)
 *(SORT_BY_NAME(.init_array.*))
 *(.init_array*)
 .init_array    0x080044ac        0x4 /Applications/STM32CubeIDE.app/Contents/Eclipse/plugins/com.st.stm32cube.ide.mcu.externaltools.gnu-tools-for-stm32.14.3.rel1.macosaarch64_1.0.0.202602081740/tools/bin/../lib/gcc/arm-none-eabi/14.3.1/thumb/v8-m.main+fp/hard/crtbegin.o
                0x080044b0                        PROVIDE (__init_array_end = .)
                0x080044b0                        . = ALIGN (0x4)

.fini_array     0x080044b0        0x4
                0x080044b0                        . = ALIGN (0x4)
                [!provide]                        PROVIDE (__fini_array_start = .)
 *(SORT_BY_NAME(.fini_array.*))
 *(.fini_array*)
 .fini_array    0x080044b0        0x4 /Applications/STM32CubeIDE.app/Contents/Eclipse/plugins/com.st.stm32cube.ide.mcu.externaltools.gnu-tools-for-stm32.14.3.rel1.macosaarch64_1.0.0.202602081740/tools/bin/../lib/gcc/arm-none-eabi/14.3.1/thumb/v8-m.main+fp/hard/crtbegin.o
                [!provide]                        PROVIDE (__fini_array_end = .)
                0x080044b4                        . = ALIGN (0x4)
                0x080044b4                        _sidata = LOADADDR (.data)

.rel.dyn        0x080044b4        0x0
 .rel.iplt      0x080044b4        0x0 /Applications/STM32CubeIDE.app/Contents/Eclipse/plugins/com.st.stm32cube.ide.mcu.externaltools.gnu-tools-for-stm32.14.3.rel1.macosaarch64_1.0.0.202602081740/tools/bin/../lib/gcc/arm-none-eabi/14.3.1/thumb/v8-m.main+fp/hard/crtbegin.o

.data           0x20000000       0x20 load address 0x080044b4
                0x20000000                        . = ALIGN (0x4)
                0x20000000                        _sdata = .
 *(.data)
 *(.data*)
 .data.SystemCoreClock
                0x20000000        0x4 ./Core/Src/system_stm32h5xx.o
                0x20000000                SystemCoreClock
 .data.COM_USART
                0x20000004        0x4 ./Drivers/BSP/STM32H5xx_Nucleo/stm32h5xx_nucleo.o
                0x20000004                COM_USART
 .data.LED_PORT
                0x20000008        0x4 ./Drivers/BSP/STM32H5xx_Nucleo/stm32h5xx_nucleo.o
 .data.BUTTON_PORT
                0x2000000c        0x4 ./Drivers/BSP/STM32H5xx_Nucleo/stm32h5xx_nucleo.o
 .data.ButtonCallback.1
                0x20000010        0x4 ./Drivers/BSP/STM32H5xx_Nucleo/stm32h5xx_nucleo.o
 .data.BSP_BUTTON_PRIO.0
                0x20000014        0x4 ./Drivers/BSP/STM32H5xx_Nucleo/stm32h5xx_nucleo.o
 .data.uwTickPrio
                0x20000018        0x4 ./Drivers/STM32H5xx_HAL_Driver/Src/stm32h5xx_hal.o
                0x20000018                uwTickPrio
 .data.uwTickFreq
                0x2000001c        0x1 ./Drivers/STM32H5xx_HAL_Driver/Src/stm32h5xx_hal.o
                0x2000001c                uwTickFreq
 *(.RamFunc)
 *(.RamFunc*)
                0x20000020                        . = ALIGN (0x4)
 *fill*         0x2000001d        0x3 
                0x20000020                        _edata = .

.igot.plt       0x20000020        0x0 load address 0x080044d4
 .igot.plt      0x20000020        0x0 /Applications/STM32CubeIDE.app/Contents/Eclipse/plugins/com.st.stm32cube.ide.mcu.externaltools.gnu-tools-for-stm32.14.3.rel1.macosaarch64_1.0.0.202602081740/tools/bin/../lib/gcc/arm-none-eabi/14.3.1/thumb/v8-m.main+fp/hard/crtbegin.o
                0x20000020                        . = ALIGN (0x4)

.bss            0x20000020       0xd0 load address 0x080044d4
                0x20000020                        _sbss = .
                0x20000020                        __bss_start__ = _sbss
 *(.bss)
 .bss           0x20000020       0x1c /Applications/STM32CubeIDE.app/Contents/Eclipse/plugins/com.st.stm32cube.ide.mcu.externaltools.gnu-tools-for-stm32.14.3.rel1.macosaarch64_1.0.0.202602081740/tools/bin/../lib/gcc/arm-none-eabi/14.3.1/thumb/v8-m.main+fp/hard/crtbegin.o
 *(.bss*)
 .bss.BspCOMInit
                0x2000003c       0x10 ./Core/Src/main.o
                0x2000003c                BspCOMInit
 .bss.hpb_exti  0x2000004c        0xc ./Drivers/BSP/STM32H5xx_Nucleo/stm32h5xx_nucleo.o
                0x2000004c                hpb_exti
 .bss.hcom_uart
                0x20000058       0x94 ./Drivers/BSP/STM32H5xx_Nucleo/stm32h5xx_nucleo.o
                0x20000058                hcom_uart
 .bss.uwTick    0x200000ec        0x4 ./Drivers/STM32H5xx_HAL_Driver/Src/stm32h5xx_hal.o
                0x200000ec                uwTick
 *(COMMON)
                0x200000f0                        . = ALIGN (0x4)
                0x200000f0                        _ebss = .
                0x200000f0                        __bss_end__ = _ebss

._user_heap_stack
                0x200000f0      0x600 load address 0x080044d4
                0x200000f0                        . = ALIGN (0x8)
                [!provide]                        PROVIDE (end = .)
                0x200000f0                        PROVIDE (_end = .)
                0x200002f0                        . = (. + _Min_Heap_Size)
 *fill*         0x200000f0      0x200 
                0x200006f0                        . = (. + _Min_Stack_Size)
 *fill*         0x200002f0      0x400 
                0x200006f0                        . = ALIGN (0x8)

/DISCARD/
 libc.a(*)
 libm.a(*)
 libgcc.a(*)

.ARM.attributes
                0x00000000       0x36
 *(.ARM.attributes)
 .ARM.attributes
                0x00000000       0x26 /Applications/STM32CubeIDE.app/Contents/Eclipse/plugins/com.st.stm32cube.ide.mcu.externaltools.gnu-tools-for-stm32.14.3.rel1.macosaarch64_1.0.0.202602081740/tools/bin/../lib/gcc/arm-none-eabi/14.3.1/thumb/v8-m.main+fp/hard/crti.o
 .ARM.attributes
                0x00000026       0x38 /Applications/STM32CubeIDE.app/Contents/Eclipse/plugins/com.st.stm32cube.ide.mcu.externaltools.gnu-tools-for-stm32.14.3.rel1.macosaarch64_1.0.0.202602081740/tools/bin/../lib/gcc/arm-none-eabi/14.3.1/thumb/v8-m.main+fp/hard/crtbegin.o
 .ARM.attributes
                0x0000005e       0x3a ./Core/Src/main.o
 .ARM.attributes
                0x00000098       0x3a ./Core/Src/stm32h5xx_hal_msp.o
 .ARM.attributes
                0x000000d2       0x3a ./Core/Src/stm32h5xx_it.o
 .ARM.attributes
                0x0000010c       0x3a ./Core/Src/system_stm32h5xx.o
 .ARM.attributes
                0x00000146       0x24 ./Core/Startup/startup_stm32h503rbtx.o
 .ARM.attributes
                0x0000016a       0x3a ./Drivers/BSP/STM32H5xx_Nucleo/stm32h5xx_nucleo.o
 .ARM.attributes
                0x000001a4       0x3a ./Drivers/STM32H5xx_HAL_Driver/Src/stm32h5xx_hal.o
 .ARM.attributes
                0x000001de       0x3a ./Drivers/STM32H5xx_HAL_Driver/Src/stm32h5xx_hal_cortex.o
 .ARM.attributes
                0x00000218       0x3a ./Drivers/STM32H5xx_HAL_Driver/Src/stm32h5xx_hal_exti.o
 .ARM.attributes
                0x00000252       0x3a ./Drivers/STM32H5xx_HAL_Driver/Src/stm32h5xx_hal_gpio.o
 .ARM.attributes
                0x0000028c       0x3a ./Drivers/STM32H5xx_HAL_Driver/Src/stm32h5xx_hal_icache.o
 .ARM.attributes
                0x000002c6       0x3a ./Drivers/STM32H5xx_HAL_Driver/Src/stm32h5xx_hal_rcc.o
 .ARM.attributes
                0x00000300       0x3a ./Drivers/STM32H5xx_HAL_Driver/Src/stm32h5xx_hal_rcc_ex.o
 .ARM.attributes
                0x0000033a       0x3a ./Drivers/STM32H5xx_HAL_Driver/Src/stm32h5xx_hal_uart.o
 .ARM.attributes
                0x00000374       0x38 /Applications/STM32CubeIDE.app/Contents/Eclipse/plugins/com.st.stm32cube.ide.mcu.externaltools.gnu-tools-for-stm32.14.3.rel1.macosaarch64_1.0.0.202602081740/tools/bin/../lib/gcc/arm-none-eabi/14.3.1/../../../../arm-none-eabi/lib/thumb/v8-m.main+fp/hard/libc_nano.a(libc_a-memset.o)
 .ARM.attributes
                0x000003ac       0x38 /Applications/STM32CubeIDE.app/Contents/Eclipse/plugins/com.st.stm32cube.ide.mcu.externaltools.gnu-tools-for-stm32.14.3.rel1.macosaarch64_1.0.0.202602081740/tools/bin/../lib/gcc/arm-none-eabi/14.3.1/../../../../arm-none-eabi/lib/thumb/v8-m.main+fp/hard/libc_nano.a(libc_a-init.o)
 .ARM.attributes
                0x000003e4       0x26 /Applications/STM32CubeIDE.app/Contents/Eclipse/plugins/com.st.stm32cube.ide.mcu.externaltools.gnu-tools-for-stm32.14.3.rel1.macosaarch64_1.0.0.202602081740/tools/bin/../lib/gcc/arm-none-eabi/14.3.1/thumb/v8-m.main+fp/hard/libgcc.a(_aeabi_uldivmod.o)
 .ARM.attributes
                0x0000040a       0x38 /Applications/STM32CubeIDE.app/Contents/Eclipse/plugins/com.st.stm32cube.ide.mcu.externaltools.gnu-tools-for-stm32.14.3.rel1.macosaarch64_1.0.0.202602081740/tools/bin/../lib/gcc/arm-none-eabi/14.3.1/thumb/v8-m.main+fp/hard/libgcc.a(_udivmoddi4.o)
 .ARM.attributes
                0x00000442       0x26 /Applications/STM32CubeIDE.app/Contents/Eclipse/plugins/com.st.stm32cube.ide.mcu.externaltools.gnu-tools-for-stm32.14.3.rel1.macosaarch64_1.0.0.202602081740/tools/bin/../lib/gcc/arm-none-eabi/14.3.1/thumb/v8-m.main+fp/hard/libgcc.a(_dvmd_tls.o)
 .ARM.attributes
                0x00000468       0x26 /Applications/STM32CubeIDE.app/Contents/Eclipse/plugins/com.st.stm32cube.ide.mcu.externaltools.gnu-tools-for-stm32.14.3.rel1.macosaarch64_1.0.0.202602081740/tools/bin/../lib/gcc/arm-none-eabi/14.3.1/thumb/v8-m.main+fp/hard/crtn.o
OUTPUT(blinking_led.elf elf32-littlearm)
LOAD linker stubs
LOAD /Applications/STM32CubeIDE.app/Contents/Eclipse/plugins/com.st.stm32cube.ide.mcu.externaltools.gnu-tools-for-stm32.14.3.rel1.macosaarch64_1.0.0.202602081740/tools/bin/../lib/gcc/arm-none-eabi/14.3.1/../../../../arm-none-eabi/lib/thumb/v8-m.main+fp/hard/libc.a
LOAD /Applications/STM32CubeIDE.app/Contents/Eclipse/plugins/com.st.stm32cube.ide.mcu.externaltools.gnu-tools-for-stm32.14.3.rel1.macosaarch64_1.0.0.202602081740/tools/bin/../lib/gcc/arm-none-eabi/14.3.1/../../../../arm-none-eabi/lib/thumb/v8-m.main+fp/hard/libm.a
LOAD /Applications/STM32CubeIDE.app/Contents/Eclipse/plugins/com.st.stm32cube.ide.mcu.externaltools.gnu-tools-for-stm32.14.3.rel1.macosaarch64_1.0.0.202602081740/tools/bin/../lib/gcc/arm-none-eabi/14.3.1/thumb/v8-m.main+fp/hard/libgcc.a

.debug_info     0x00000000     0xe575
 .debug_info    0x00000000     0x2619 ./Core/Src/main.o
 .debug_info    0x00002619       0x9f ./Core/Src/stm32h5xx_hal_msp.o
 .debug_info    0x000026b8      0x170 ./Core/Src/stm32h5xx_it.o
 .debug_info    0x00002828      0xc0b ./Core/Src/system_stm32h5xx.o
 .debug_info    0x00003433       0x30 ./Core/Startup/startup_stm32h503rbtx.o
 .debug_info    0x00003463     0x1a04 ./Drivers/BSP/STM32H5xx_Nucleo/stm32h5xx_nucleo.o
 .debug_info    0x00004e67     0x1069 ./Drivers/STM32H5xx_HAL_Driver/Src/stm32h5xx_hal.o
 .debug_info    0x00005ed0     0x1521 ./Drivers/STM32H5xx_HAL_Driver/Src/stm32h5xx_hal_cortex.o
 .debug_info    0x000073f1      0x7cc ./Drivers/STM32H5xx_HAL_Driver/Src/stm32h5xx_hal_exti.o
 .debug_info    0x00007bbd      0x6aa ./Drivers/STM32H5xx_HAL_Driver/Src/stm32h5xx_hal_gpio.o
 .debug_info    0x00008267      0x377 ./Drivers/STM32H5xx_HAL_Driver/Src/stm32h5xx_hal_icache.o
 .debug_info    0x000085de      0xfdf ./Drivers/STM32H5xx_HAL_Driver/Src/stm32h5xx_hal_rcc.o
 .debug_info    0x000095bd      0xf52 ./Drivers/STM32H5xx_HAL_Driver/Src/stm32h5xx_hal_rcc_ex.o
 .debug_info    0x0000a50f     0x4066 ./Drivers/STM32H5xx_HAL_Driver/Src/stm32h5xx_hal_uart.o

.debug_abbrev   0x00000000     0x1c49
 .debug_abbrev  0x00000000      0x39f ./Core/Src/main.o
 .debug_abbrev  0x0000039f       0x45 ./Core/Src/stm32h5xx_hal_msp.o
 .debug_abbrev  0x000003e4       0xbc ./Core/Src/stm32h5xx_it.o
 .debug_abbrev  0x000004a0      0x13a ./Core/Src/system_stm32h5xx.o
 .debug_abbrev  0x000005da       0x24 ./Core/Startup/startup_stm32h503rbtx.o
 .debug_abbrev  0x000005fe      0x330 ./Drivers/BSP/STM32H5xx_Nucleo/stm32h5xx_nucleo.o
 .debug_abbrev  0x0000092e      0x2ac ./Drivers/STM32H5xx_HAL_Driver/Src/stm32h5xx_hal.o
 .debug_abbrev  0x00000bda      0x327 ./Drivers/STM32H5xx_HAL_Driver/Src/stm32h5xx_hal_cortex.o
 .debug_abbrev  0x00000f01      0x19a ./Drivers/STM32H5xx_HAL_Driver/Src/stm32h5xx_hal_exti.o
 .debug_abbrev  0x0000109b      0x1db ./Drivers/STM32H5xx_HAL_Driver/Src/stm32h5xx_hal_gpio.o
 .debug_abbrev  0x00001276      0x1e4 ./Drivers/STM32H5xx_HAL_Driver/Src/stm32h5xx_hal_icache.o
 .debug_abbrev  0x0000145a      0x28e ./Drivers/STM32H5xx_HAL_Driver/Src/stm32h5xx_hal_rcc.o
 .debug_abbrev  0x000016e8      0x25c ./Drivers/STM32H5xx_HAL_Driver/Src/stm32h5xx_hal_rcc_ex.o
 .debug_abbrev  0x00001944      0x305 ./Drivers/STM32H5xx_HAL_Driver/Src/stm32h5xx_hal_uart.o

.debug_aranges  0x00000000      0xa18
 .debug_aranges
                0x00000000       0x48 ./Core/Src/main.o
 .debug_aranges
                0x00000048       0x20 ./Core/Src/stm32h5xx_hal_msp.o
 .debug_aranges
                0x00000068       0x68 ./Core/Src/stm32h5xx_it.o
 .debug_aranges
                0x000000d0       0x28 ./Core/Src/system_stm32h5xx.o
 .debug_aranges
                0x000000f8       0x28 ./Core/Startup/startup_stm32h503rbtx.o
 .debug_aranges
                0x00000120       0xc8 ./Drivers/BSP/STM32H5xx_Nucleo/stm32h5xx_nucleo.o
 .debug_aranges
                0x000001e8      0x1a0 ./Drivers/STM32H5xx_HAL_Driver/Src/stm32h5xx_hal.o
 .debug_aranges
                0x00000388      0x140 ./Drivers/STM32H5xx_HAL_Driver/Src/stm32h5xx_hal_cortex.o
 .debug_aranges
                0x000004c8       0x70 ./Drivers/STM32H5xx_HAL_Driver/Src/stm32h5xx_hal_exti.o
 .debug_aranges
                0x00000538       0x78 ./Drivers/STM32H5xx_HAL_Driver/Src/stm32h5xx_hal_gpio.o
 .debug_aranges
                0x000005b0       0x98 ./Drivers/STM32H5xx_HAL_Driver/Src/stm32h5xx_hal_icache.o
 .debug_aranges
                0x00000648       0xa0 ./Drivers/STM32H5xx_HAL_Driver/Src/stm32h5xx_hal_rcc.o
 .debug_aranges
                0x000006e8       0xe8 ./Drivers/STM32H5xx_HAL_Driver/Src/stm32h5xx_hal_rcc_ex.o
 .debug_aranges
                0x000007d0      0x248 ./Drivers/STM32H5xx_HAL_Driver/Src/stm32h5xx_hal_uart.o

.debug_rnglists
                0x00000000      0x7b1
 .debug_rnglists
                0x00000000       0x33 ./Core/Src/main.o
 .debug_rnglists
                0x00000033       0x13 ./Core/Src/stm32h5xx_hal_msp.o
 .debug_rnglists
                0x00000046       0x49 ./Core/Src/stm32h5xx_it.o
 .debug_rnglists
                0x0000008f       0x1b ./Core/Src/system_stm32h5xx.o
 .debug_rnglists
                0x000000aa       0x19 ./Core/Startup/startup_stm32h503rbtx.o
 .debug_rnglists
                0x000000c3       0x94 ./Drivers/BSP/STM32H5xx_Nucleo/stm32h5xx_nucleo.o
 .debug_rnglists
                0x00000157      0x134 ./Drivers/STM32H5xx_HAL_Driver/Src/stm32h5xx_hal.o
 .debug_rnglists
                0x0000028b       0xec ./Drivers/STM32H5xx_HAL_Driver/Src/stm32h5xx_hal_cortex.o
 .debug_rnglists
                0x00000377       0x53 ./Drivers/STM32H5xx_HAL_Driver/Src/stm32h5xx_hal_exti.o
 .debug_rnglists
                0x000003ca       0x57 ./Drivers/STM32H5xx_HAL_Driver/Src/stm32h5xx_hal_gpio.o
 .debug_rnglists
                0x00000421       0x6d ./Drivers/STM32H5xx_HAL_Driver/Src/stm32h5xx_hal_icache.o
 .debug_rnglists
                0x0000048e       0x79 ./Drivers/STM32H5xx_HAL_Driver/Src/stm32h5xx_hal_rcc.o
 .debug_rnglists
                0x00000507       0xb4 ./Drivers/STM32H5xx_HAL_Driver/Src/stm32h5xx_hal_rcc_ex.o
 .debug_rnglists
                0x000005bb      0x1f6 ./Drivers/STM32H5xx_HAL_Driver/Src/stm32h5xx_hal_uart.o

.debug_macro    0x00000000    0x23344
 .debug_macro   0x00000000      0x38f ./Core/Src/main.o
 .debug_macro   0x0000038f      0xbbc ./Core/Src/main.o
 .debug_macro   0x00000f4b      0x1d1 ./Core/Src/main.o
 .debug_macro   0x0000111c      0x1f2 ./Core/Src/main.o
 .debug_macro   0x0000130e       0x10 ./Core/Src/main.o
 .debug_macro   0x0000131e      0x4fe ./Core/Src/main.o
 .debug_macro   0x0000181c      0x5e5 ./Core/Src/main.o
 .debug_macro   0x00001e01       0x12 ./Core/Src/main.o
 .debug_macro   0x00001e13       0x22 ./Core/Src/main.o
 .debug_macro   0x00001e35       0x5b ./Core/Src/main.o
 .debug_macro   0x00001e90       0x2a ./Core/Src/main.o
 .debug_macro   0x00001eba       0x94 ./Core/Src/main.o
 .debug_macro   0x00001f4e       0x43 ./Core/Src/main.o
 .debug_macro   0x00001f91       0x34 ./Core/Src/main.o
 .debug_macro   0x00001fc5      0x197 ./Core/Src/main.o
 .debug_macro   0x0000215c       0x57 ./Core/Src/main.o
 .debug_macro   0x000021b3      0x380 ./Core/Src/main.o
 .debug_macro   0x00002533       0x16 ./Core/Src/main.o
 .debug_macro   0x00002549       0x4a ./Core/Src/main.o
 .debug_macro   0x00002593       0x34 ./Core/Src/main.o
 .debug_macro   0x000025c7       0x10 ./Core/Src/main.o
 .debug_macro   0x000025d7       0x58 ./Core/Src/main.o
 .debug_macro   0x0000262f       0x8e ./Core/Src/main.o
 .debug_macro   0x000026bd       0x16 ./Core/Src/main.o
 .debug_macro   0x000026d3      0x17e ./Core/Src/main.o
 .debug_macro   0x00002851      0x194 ./Core/Src/main.o
 .debug_macro   0x000029e5       0x10 ./Core/Src/main.o
 .debug_macro   0x000029f5       0x16 ./Core/Src/main.o
 .debug_macro   0x00002a0b       0x3c ./Core/Src/main.o
 .debug_macro   0x00002a47       0x16 ./Core/Src/main.o
 .debug_macro   0x00002a5d       0x29 ./Core/Src/main.o
 .debug_macro   0x00002a86       0x10 ./Core/Src/main.o
 .debug_macro   0x00002a96       0x16 ./Core/Src/main.o
 .debug_macro   0x00002aac      0x4f5 ./Core/Src/main.o
 .debug_macro   0x00002fa1       0x28 ./Core/Src/main.o
 .debug_macro   0x00002fc9       0x42 ./Core/Src/main.o
 .debug_macro   0x0000300b       0x1c ./Core/Src/main.o
 .debug_macro   0x00003027      0x103 ./Core/Src/main.o
 .debug_macro   0x0000312a       0x6a ./Core/Src/main.o
 .debug_macro   0x00003194      0x1df ./Core/Src/main.o
 .debug_macro   0x00003373       0x1c ./Core/Src/main.o
 .debug_macro   0x0000338f       0x29 ./Core/Src/main.o
 .debug_macro   0x000033b8       0xfb ./Core/Src/main.o
 .debug_macro   0x000034b3     0x1685 ./Core/Src/main.o
 .debug_macro   0x00004b38       0x5e ./Core/Src/main.o
 .debug_macro   0x00004b96    0x11f3c ./Core/Src/main.o
 .debug_macro   0x00016ad2       0x6d ./Core/Src/main.o
 .debug_macro   0x00016b3f     0x3891 ./Core/Src/main.o
 .debug_macro   0x0001a3d0       0x63 ./Core/Src/main.o
 .debug_macro   0x0001a433     0x146a ./Core/Src/main.o
 .debug_macro   0x0001b89d      0x75e ./Core/Src/main.o
 .debug_macro   0x0001bffb      0x166 ./Core/Src/main.o
 .debug_macro   0x0001c161      0x1ae ./Core/Src/main.o
 .debug_macro   0x0001c30f       0x6e ./Core/Src/main.o
 .debug_macro   0x0001c37d      0x527 ./Core/Src/main.o
 .debug_macro   0x0001c8a4      0x40f ./Core/Src/main.o
 .debug_macro   0x0001ccb3       0xd6 ./Core/Src/main.o
 .debug_macro   0x0001cd89      0x1cd ./Core/Src/main.o
 .debug_macro   0x0001cf56      0x1c3 ./Core/Src/main.o
 .debug_macro   0x0001d119      0x4e1 ./Core/Src/main.o
 .debug_macro   0x0001d5fa       0x58 ./Core/Src/main.o
 .debug_macro   0x0001d652      0x272 ./Core/Src/main.o
 .debug_macro   0x0001d8c4      0x1a6 ./Core/Src/main.o
 .debug_macro   0x0001da6a      0x693 ./Core/Src/main.o
 .debug_macro   0x0001e0fd       0xa6 ./Core/Src/main.o
 .debug_macro   0x0001e1a3      0x211 ./Core/Src/main.o
 .debug_macro   0x0001e3b4      0x31f ./Core/Src/main.o
 .debug_macro   0x0001e6d3       0x22 ./Core/Src/main.o
 .debug_macro   0x0001e6f5       0x52 ./Core/Src/main.o
 .debug_macro   0x0001e747       0x1c ./Core/Src/main.o
 .debug_macro   0x0001e763       0x10 ./Core/Src/main.o
 .debug_macro   0x0001e773       0x1c ./Core/Src/main.o
 .debug_macro   0x0001e78f       0x16 ./Core/Src/main.o
 .debug_macro   0x0001e7a5      0x138 ./Core/Src/main.o
 .debug_macro   0x0001e8dd       0xf2 ./Core/Src/main.o
 .debug_macro   0x0001e9cf       0x4c ./Core/Src/main.o
 .debug_macro   0x0001ea1b      0x2c8 ./Core/Src/stm32h5xx_hal_msp.o
 .debug_macro   0x0001ece3      0xae4 ./Core/Src/stm32h5xx_hal_msp.o
 .debug_macro   0x0001f7c7       0x34 ./Core/Src/stm32h5xx_hal_msp.o
 .debug_macro   0x0001f7fb      0x190 ./Core/Src/stm32h5xx_hal_msp.o
 .debug_macro   0x0001f98b      0x364 ./Core/Src/stm32h5xx_hal_msp.o
 .debug_macro   0x0001fcef       0x4a ./Core/Src/stm32h5xx_hal_msp.o
 .debug_macro   0x0001fd39       0x1c ./Core/Src/stm32h5xx_hal_msp.o
 .debug_macro   0x0001fd55      0x19b ./Core/Src/stm32h5xx_hal_msp.o
 .debug_macro   0x0001fef0     0x1685 ./Core/Src/stm32h5xx_hal_msp.o
 .debug_macro   0x00021575       0x3c ./Core/Src/stm32h5xx_hal_msp.o
 .debug_macro   0x000215b1      0x146 ./Core/Src/stm32h5xx_hal_msp.o
 .debug_macro   0x000216f7      0x2d2 ./Core/Src/stm32h5xx_it.o
 .debug_macro   0x000219c9      0x26b ./Core/Src/system_stm32h5xx.o
 .debug_macro   0x00021c34      0x2c5 ./Drivers/BSP/STM32H5xx_Nucleo/stm32h5xx_nucleo.o
 .debug_macro   0x00021ef9       0x1c ./Drivers/BSP/STM32H5xx_Nucleo/stm32h5xx_nucleo.o
 .debug_macro   0x00021f15      0x294 ./Drivers/STM32H5xx_HAL_Driver/Src/stm32h5xx_hal.o
 .debug_macro   0x000221a9      0x264 ./Drivers/STM32H5xx_HAL_Driver/Src/stm32h5xx_hal_cortex.o
 .debug_macro   0x0002240d      0x27c ./Drivers/STM32H5xx_HAL_Driver/Src/stm32h5xx_hal_exti.o
 .debug_macro   0x00022689      0x29a ./Drivers/STM32H5xx_HAL_Driver/Src/stm32h5xx_hal_gpio.o
 .debug_macro   0x00022923      0x27c ./Drivers/STM32H5xx_HAL_Driver/Src/stm32h5xx_hal_icache.o
 .debug_macro   0x00022b9f      0x2a6 ./Drivers/STM32H5xx_HAL_Driver/Src/stm32h5xx_hal_rcc.o
 .debug_macro   0x00022e45      0x270 ./Drivers/STM32H5xx_HAL_Driver/Src/stm32h5xx_hal_rcc_ex.o
 .debug_macro   0x000230b5      0x28f ./Drivers/STM32H5xx_HAL_Driver/Src/stm32h5xx_hal_uart.o

.debug_line     0x00000000     0xd905
 .debug_line    0x00000000      0xe48 ./Core/Src/main.o
 .debug_line    0x00000e48      0x8a0 ./Core/Src/stm32h5xx_hal_msp.o
 .debug_line    0x000016e8      0x96b ./Core/Src/stm32h5xx_it.o
 .debug_line    0x00002053      0x992 ./Core/Src/system_stm32h5xx.o
 .debug_line    0x000029e5       0x7a ./Core/Startup/startup_stm32h503rbtx.o
 .debug_line    0x00002a5f      0xc1b ./Drivers/BSP/STM32H5xx_Nucleo/stm32h5xx_nucleo.o
 .debug_line    0x0000367a      0xdea ./Drivers/STM32H5xx_HAL_Driver/Src/stm32h5xx_hal.o
 .debug_line    0x00004464      0xe68 ./Drivers/STM32H5xx_HAL_Driver/Src/stm32h5xx_hal_cortex.o
 .debug_line    0x000052cc      0xc5d ./Drivers/STM32H5xx_HAL_Driver/Src/stm32h5xx_hal_exti.o
 .debug_line    0x00005f29      0xc22 ./Drivers/STM32H5xx_HAL_Driver/Src/stm32h5xx_hal_gpio.o
 .debug_line    0x00006b4b      0xa5d ./Drivers/STM32H5xx_HAL_Driver/Src/stm32h5xx_hal_icache.o
 .debug_line    0x000075a8     0x1389 ./Drivers/STM32H5xx_HAL_Driver/Src/stm32h5xx_hal_rcc.o
 .debug_line    0x00008931     0x1bc0 ./Drivers/STM32H5xx_HAL_Driver/Src/stm32h5xx_hal_rcc_ex.o
 .debug_line    0x0000a4f1     0x3414 ./Drivers/STM32H5xx_HAL_Driver/Src/stm32h5xx_hal_uart.o

.debug_str      0x00000000    0xc68df
 .debug_str     0x00000000    0xc68df ./Core/Src/main.o
                              0xc33c9 (size before relaxing)
 .debug_str     0x000c68df    0xbd978 ./Core/Src/stm32h5xx_hal_msp.o
 .debug_str     0x000c68df    0xbda5f ./Core/Src/stm32h5xx_it.o
 .debug_str     0x000c68df    0xbcfc3 ./Core/Src/system_stm32h5xx.o
 .debug_str     0x000c68df       0xa2 ./Core/Startup/startup_stm32h503rbtx.o
 .debug_str     0x000c68df    0xbebf5 ./Drivers/BSP/STM32H5xx_Nucleo/stm32h5xx_nucleo.o
 .debug_str     0x000c68df    0xbdb3a ./Drivers/STM32H5xx_HAL_Driver/Src/stm32h5xx_hal.o
 .debug_str     0x000c68df    0xbd8a0 ./Drivers/STM32H5xx_HAL_Driver/Src/stm32h5xx_hal_cortex.o
 .debug_str     0x000c68df    0xbce6e ./Drivers/STM32H5xx_HAL_Driver/Src/stm32h5xx_hal_exti.o
 .debug_str     0x000c68df    0xbcea1 ./Drivers/STM32H5xx_HAL_Driver/Src/stm32h5xx_hal_gpio.o
 .debug_str     0x000c68df    0xbce53 ./Drivers/STM32H5xx_HAL_Driver/Src/stm32h5xx_hal_icache.o
 .debug_str     0x000c68df    0xbd503 ./Drivers/STM32H5xx_HAL_Driver/Src/stm32h5xx_hal_rcc.o
 .debug_str     0x000c68df    0xbd65a ./Drivers/STM32H5xx_HAL_Driver/Src/stm32h5xx_hal_rcc_ex.o
 .debug_str     0x000c68df    0xbdb86 ./Drivers/STM32H5xx_HAL_Driver/Src/stm32h5xx_hal_uart.o

.comment        0x00000000       0x43
 .comment       0x00000000       0x43 ./Core/Src/main.o
                                 0x44 (size before relaxing)
 .comment       0x00000043       0x44 ./Core/Src/stm32h5xx_hal_msp.o
 .comment       0x00000043       0x44 ./Core/Src/stm32h5xx_it.o
 .comment       0x00000043       0x44 ./Core/Src/system_stm32h5xx.o
 .comment       0x00000043       0x44 ./Drivers/BSP/STM32H5xx_Nucleo/stm32h5xx_nucleo.o
 .comment       0x00000043       0x44 ./Drivers/STM32H5xx_HAL_Driver/Src/stm32h5xx_hal.o
 .comment       0x00000043       0x44 ./Drivers/STM32H5xx_HAL_Driver/Src/stm32h5xx_hal_cortex.o
 .comment       0x00000043       0x44 ./Drivers/STM32H5xx_HAL_Driver/Src/stm32h5xx_hal_exti.o
 .comment       0x00000043       0x44 ./Drivers/STM32H5xx_HAL_Driver/Src/stm32h5xx_hal_gpio.o
 .comment       0x00000043       0x44 ./Drivers/STM32H5xx_HAL_Driver/Src/stm32h5xx_hal_icache.o
 .comment       0x00000043       0x44 ./Drivers/STM32H5xx_HAL_Driver/Src/stm32h5xx_hal_rcc.o
 .comment       0x00000043       0x44 ./Drivers/STM32H5xx_HAL_Driver/Src/stm32h5xx_hal_rcc_ex.o
 .comment       0x00000043       0x44 ./Drivers/STM32H5xx_HAL_Driver/Src/stm32h5xx_hal_uart.o

.debug_frame    0x00000000     0x2648
 .debug_frame   0x00000000       0xcc ./Core/Src/main.o
 .debug_frame   0x000000cc       0x2c ./Core/Src/stm32h5xx_hal_msp.o
 .debug_frame   0x000000f8      0x114 ./Core/Src/stm32h5xx_it.o
 .debug_frame   0x0000020c       0x58 ./Core/Src/system_stm32h5xx.o
 .debug_frame   0x00000264      0x308 ./Drivers/BSP/STM32H5xx_Nucleo/stm32h5xx_nucleo.o
 .debug_frame   0x0000056c      0x5bc ./Drivers/STM32H5xx_HAL_Driver/Src/stm32h5xx_hal.o
 .debug_frame   0x00000b28      0x508 ./Drivers/STM32H5xx_HAL_Driver/Src/stm32h5xx_hal_cortex.o
 .debug_frame   0x00001030      0x19c ./Drivers/STM32H5xx_HAL_Driver/Src/stm32h5xx_hal_exti.o
 .debug_frame   0x000011cc      0x1c0 ./Drivers/STM32H5xx_HAL_Driver/Src/stm32h5xx_hal_gpio.o
 .debug_frame   0x0000138c      0x218 ./Drivers/STM32H5xx_HAL_Driver/Src/stm32h5xx_hal_icache.o
 .debug_frame   0x000015a4      0x244 ./Drivers/STM32H5xx_HAL_Driver/Src/stm32h5xx_hal_rcc.o
 .debug_frame   0x000017e8      0x3a0 ./Drivers/STM32H5xx_HAL_Driver/Src/stm32h5xx_hal_rcc_ex.o
 .debug_frame   0x00001b88      0xa10 ./Drivers/STM32H5xx_HAL_Driver/Src/stm32h5xx_hal_uart.o
 .debug_frame   0x00002598       0x20 /Applications/STM32CubeIDE.app/Contents/Eclipse/plugins/com.st.stm32cube.ide.mcu.externaltools.gnu-tools-for-stm32.14.3.rel1.macosaarch64_1.0.0.202602081740/tools/bin/../lib/gcc/arm-none-eabi/14.3.1/../../../../arm-none-eabi/lib/thumb/v8-m.main+fp/hard/libc_nano.a(libc_a-memset.o)
 .debug_frame   0x000025b8       0x2c /Applications/STM32CubeIDE.app/Contents/Eclipse/plugins/com.st.stm32cube.ide.mcu.externaltools.gnu-tools-for-stm32.14.3.rel1.macosaarch64_1.0.0.202602081740/tools/bin/../lib/gcc/arm-none-eabi/14.3.1/../../../../arm-none-eabi/lib/thumb/v8-m.main+fp/hard/libc_nano.a(libc_a-init.o)
 .debug_frame   0x000025e4       0x2c /Applications/STM32CubeIDE.app/Contents/Eclipse/plugins/com.st.stm32cube.ide.mcu.externaltools.gnu-tools-for-stm32.14.3.rel1.macosaarch64_1.0.0.202602081740/tools/bin/../lib/gcc/arm-none-eabi/14.3.1/thumb/v8-m.main+fp/hard/libgcc.a(_aeabi_uldivmod.o)
 .debug_frame   0x00002610       0x38 /Applications/STM32CubeIDE.app/Contents/Eclipse/plugins/com.st.stm32cube.ide.mcu.externaltools.gnu-tools-for-stm32.14.3.rel1.macosaarch64_1.0.0.202602081740/tools/bin/../lib/gcc/arm-none-eabi/14.3.1/thumb/v8-m.main+fp/hard/libgcc.a(_udivmoddi4.o)

.debug_line_str
                0x00000000       0x86
 .debug_line_str
                0x00000000       0x86 ./Core/Startup/startup_stm32h503rbtx.o
